WARNING : Using CLI version 2.19.3 but project's `requirements.txt`
WARNING : is configured to use 1.7.5. Consider either installing
WARNING : CLI version 1.7.5 or running `pretext update`
WARNING : to update `requirements.txt` and other managed files to match 2.19.3.
INFO    : Staging deployment according to strategy default_target
INFO    : Since no target was supplied, we will use "web".

INFO    : Staging latest build located in `/workspaces/calculus/output/web` at `/workspaces/calculus/output/stage`.
INFO    : 
INFO    : Preparing to deploy from active `main` git branch.

INFO    : Changes to project source since last commit detected.
INFO    : Committing these changes to local Git repository.

INFO    : Committing your latest build to the `gh-pages` branch.
INFO    : Attempting to connect to remote repository at `https://github.com/drchscott/calculus`...
INFO    : Latest build successfully pushed to GitHub!

INFO    : To enable GitHub Pages, visit
INFO    :     https://github.com/drchscott/calculus/settings/pages
INFO    : selecting the `gh-pages` branch with the `/ (root)` folder.

INFO    : Visit
INFO    :     https://github.com/drchscott/calculus/actions/
INFO    : to check on the status of your GitHub Pages deployment.

INFO    : Your built project will soon be available to the public at:
INFO    :     https://drchscott.github.io/calculus/
